// Jest Snapshot v1, https://goo.gl/fbAQLP

exports[`Container should match snapshot with all correct data passed through 1`] = `
ShallowWrapper {
  Symbol(enzyme.__root__): [Circular],
  Symbol(enzyme.__unrendered__): <Container
    cards={
      Array [
        Object {
          "birth_year": "19BBY",
          "created": "2014-12-09T13:50:51.644000Z",
          "edited": "2014-12-20T21:17:56.891000Z",
          "eye_color": "blue",
          "films": Array [
            "https://swapi.co/api/films/2/",
            "https://swapi.co/api/films/6/",
            "https://swapi.co/api/films/3/",
            "https://swapi.co/api/films/1/",
            "https://swapi.co/api/films/7/",
          ],
          "gender": "male",
          "hair_color": "blond",
          "height": "172",
          "homeworld": "https://swapi.co/api/planets/1/",
          "id": 1,
          "mass": "77",
          "name": "Luke Skywalker",
          "skin_color": "fair",
          "species": Array [
            "https://swapi.co/api/species/1/",
          ],
          "starships": Array [
            "https://swapi.co/api/starships/12/",
            "https://swapi.co/api/starships/22/",
          ],
          "url": "https://swapi.co/api/people/1/",
          "vehicles": Array [
            "https://swapi.co/api/vehicles/14/",
            "https://swapi.co/api/vehicles/30/",
          ],
        },
        Object {
          "birth_year": "112BBY",
          "created": "2014-12-10T15:10:51.357000Z",
          "edited": "2014-12-20T21:17:50.309000Z",
          "eye_color": "yellow",
          "films": Array [
            "https://swapi.co/api/films/2/",
            "https://swapi.co/api/films/5/",
            "https://swapi.co/api/films/4/",
            "https://swapi.co/api/films/6/",
            "https://swapi.co/api/films/3/",
            "https://swapi.co/api/films/1/",
          ],
          "gender": "n/a",
          "hair_color": "n/a",
          "height": "167",
          "homeworld": "https://swapi.co/api/planets/1/",
          "id": 2,
          "mass": "75",
          "name": "C-3PO",
          "skin_color": "gold",
          "species": Array [
            "https://swapi.co/api/species/2/",
          ],
          "starships": Array [],
          "url": "https://swapi.co/api/people/2/",
          "vehicles": Array [],
        },
        Object {
          "birth_year": "33BBY",
          "created": "2014-12-10T15:11:50.376000Z",
          "edited": "2014-12-20T21:17:50.311000Z",
          "eye_color": "red",
          "films": Array [
            "https://swapi.co/api/films/2/",
            "https://swapi.co/api/films/5/",
            "https://swapi.co/api/films/4/",
            "https://swapi.co/api/films/6/",
            "https://swapi.co/api/films/3/",
            "https://swapi.co/api/films/1/",
            "https://swapi.co/api/films/7/",
          ],
          "gender": "n/a",
          "hair_color": "n/a",
          "height": "96",
          "homeworld": "https://swapi.co/api/planets/8/",
          "id": 3,
          "mass": "32",
          "name": "R2-D2",
          "skin_color": "white, blue",
          "species": Array [
            "https://swapi.co/api/species/2/",
          ],
          "starships": Array [],
          "url": "https://swapi.co/api/people/3/",
          "vehicles": Array [],
        },
      ]
    }
    category="people"
    favorites={
      Array [
        "darth vader",
      ]
    }
    filterByType={[MockFunction]}
  />,
  Symbol(enzyme.__renderer__): Object {
    "batchedUpdates": [Function],
    "checkPropTypes": [Function],
    "getNode": [Function],
    "render": [Function],
    "simulateError": [Function],
    "simulateEvent": [Function],
    "unmount": [Function],
  },
  Symbol(enzyme.__node__): Object {
    "instance": null,
    "key": undefined,
    "nodeType": "host",
    "props": Object {
      "children": Array [
        <Header
          filterByType={[MockFunction]}
        />,
        <div
          className="card-area"
        >
          <Card
            birth_year="19BBY"
            category="people"
            created="2014-12-09T13:50:51.644000Z"
            edited="2014-12-20T21:17:56.891000Z"
            eye_color="blue"
            favorites={
              Array [
                "darth vader",
              ]
            }
            films={
              Array [
                "https://swapi.co/api/films/2/",
                "https://swapi.co/api/films/6/",
                "https://swapi.co/api/films/3/",
                "https://swapi.co/api/films/1/",
                "https://swapi.co/api/films/7/",
              ]
            }
            gender="male"
            hair_color="blond"
            height="172"
            homeworld="https://swapi.co/api/planets/1/"
            id={1}
            mass="77"
            name="Luke Skywalker"
            skin_color="fair"
            species={
              Array [
                "https://swapi.co/api/species/1/",
              ]
            }
            starships={
              Array [
                "https://swapi.co/api/starships/12/",
                "https://swapi.co/api/starships/22/",
              ]
            }
            status={false}
            url="https://swapi.co/api/people/1/"
            vehicles={
              Array [
                "https://swapi.co/api/vehicles/14/",
                "https://swapi.co/api/vehicles/30/",
              ]
            }
          />
          <Card
            birth_year="112BBY"
            category="people"
            created="2014-12-10T15:10:51.357000Z"
            edited="2014-12-20T21:17:50.309000Z"
            eye_color="yellow"
            favorites={
              Array [
                "darth vader",
              ]
            }
            films={
              Array [
                "https://swapi.co/api/films/2/",
                "https://swapi.co/api/films/5/",
                "https://swapi.co/api/films/4/",
                "https://swapi.co/api/films/6/",
                "https://swapi.co/api/films/3/",
                "https://swapi.co/api/films/1/",
              ]
            }
            gender="n/a"
            hair_color="n/a"
            height="167"
            homeworld="https://swapi.co/api/planets/1/"
            id={2}
            mass="75"
            name="C-3PO"
            skin_color="gold"
            species={
              Array [
                "https://swapi.co/api/species/2/",
              ]
            }
            starships={Array []}
            status={false}
            url="https://swapi.co/api/people/2/"
            vehicles={Array []}
          />
          <Card
            birth_year="33BBY"
            category="people"
            created="2014-12-10T15:11:50.376000Z"
            edited="2014-12-20T21:17:50.311000Z"
            eye_color="red"
            favorites={
              Array [
                "darth vader",
              ]
            }
            films={
              Array [
                "https://swapi.co/api/films/2/",
                "https://swapi.co/api/films/5/",
                "https://swapi.co/api/films/4/",
                "https://swapi.co/api/films/6/",
                "https://swapi.co/api/films/3/",
                "https://swapi.co/api/films/1/",
                "https://swapi.co/api/films/7/",
              ]
            }
            gender="n/a"
            hair_color="n/a"
            height="96"
            homeworld="https://swapi.co/api/planets/8/"
            id={3}
            mass="32"
            name="R2-D2"
            skin_color="white, blue"
            species={
              Array [
                "https://swapi.co/api/species/2/",
              ]
            }
            starships={Array []}
            status={false}
            url="https://swapi.co/api/people/3/"
            vehicles={Array []}
          />
        </div>,
      ],
    },
    "ref": null,
    "rendered": Array [
      Object {
        "instance": null,
        "key": undefined,
        "nodeType": "function",
        "props": Object {
          "filterByType": [MockFunction],
        },
        "ref": null,
        "rendered": null,
        "type": [Function],
      },
      Object {
        "instance": null,
        "key": undefined,
        "nodeType": "host",
        "props": Object {
          "children": Array [
            <Card
              birth_year="19BBY"
              category="people"
              created="2014-12-09T13:50:51.644000Z"
              edited="2014-12-20T21:17:56.891000Z"
              eye_color="blue"
              favorites={
                Array [
                  "darth vader",
                ]
              }
              films={
                Array [
                  "https://swapi.co/api/films/2/",
                  "https://swapi.co/api/films/6/",
                  "https://swapi.co/api/films/3/",
                  "https://swapi.co/api/films/1/",
                  "https://swapi.co/api/films/7/",
                ]
              }
              gender="male"
              hair_color="blond"
              height="172"
              homeworld="https://swapi.co/api/planets/1/"
              id={1}
              mass="77"
              name="Luke Skywalker"
              skin_color="fair"
              species={
                Array [
                  "https://swapi.co/api/species/1/",
                ]
              }
              starships={
                Array [
                  "https://swapi.co/api/starships/12/",
                  "https://swapi.co/api/starships/22/",
                ]
              }
              status={false}
              url="https://swapi.co/api/people/1/"
              vehicles={
                Array [
                  "https://swapi.co/api/vehicles/14/",
                  "https://swapi.co/api/vehicles/30/",
                ]
              }
            />,
            <Card
              birth_year="112BBY"
              category="people"
              created="2014-12-10T15:10:51.357000Z"
              edited="2014-12-20T21:17:50.309000Z"
              eye_color="yellow"
              favorites={
                Array [
                  "darth vader",
                ]
              }
              films={
                Array [
                  "https://swapi.co/api/films/2/",
                  "https://swapi.co/api/films/5/",
                  "https://swapi.co/api/films/4/",
                  "https://swapi.co/api/films/6/",
                  "https://swapi.co/api/films/3/",
                  "https://swapi.co/api/films/1/",
                ]
              }
              gender="n/a"
              hair_color="n/a"
              height="167"
              homeworld="https://swapi.co/api/planets/1/"
              id={2}
              mass="75"
              name="C-3PO"
              skin_color="gold"
              species={
                Array [
                  "https://swapi.co/api/species/2/",
                ]
              }
              starships={Array []}
              status={false}
              url="https://swapi.co/api/people/2/"
              vehicles={Array []}
            />,
            <Card
              birth_year="33BBY"
              category="people"
              created="2014-12-10T15:11:50.376000Z"
              edited="2014-12-20T21:17:50.311000Z"
              eye_color="red"
              favorites={
                Array [
                  "darth vader",
                ]
              }
              films={
                Array [
                  "https://swapi.co/api/films/2/",
                  "https://swapi.co/api/films/5/",
                  "https://swapi.co/api/films/4/",
                  "https://swapi.co/api/films/6/",
                  "https://swapi.co/api/films/3/",
                  "https://swapi.co/api/films/1/",
                  "https://swapi.co/api/films/7/",
                ]
              }
              gender="n/a"
              hair_color="n/a"
              height="96"
              homeworld="https://swapi.co/api/planets/8/"
              id={3}
              mass="32"
              name="R2-D2"
              skin_color="white, blue"
              species={
                Array [
                  "https://swapi.co/api/species/2/",
                ]
              }
              starships={Array []}
              status={false}
              url="https://swapi.co/api/people/3/"
              vehicles={Array []}
            />,
          ],
          "className": "card-area",
        },
        "ref": null,
        "rendered": Array [
          Object {
            "instance": null,
            "key": "Luke Skywalker",
            "nodeType": "class",
            "props": Object {
              "addFavorites": undefined,
              "birth_year": "19BBY",
              "category": "people",
              "created": "2014-12-09T13:50:51.644000Z",
              "edited": "2014-12-20T21:17:56.891000Z",
              "eye_color": "blue",
              "favorites": Array [
                "darth vader",
              ],
              "films": Array [
                "https://swapi.co/api/films/2/",
                "https://swapi.co/api/films/6/",
                "https://swapi.co/api/films/3/",
                "https://swapi.co/api/films/1/",
                "https://swapi.co/api/films/7/",
              ],
              "gender": "male",
              "hair_color": "blond",
              "height": "172",
              "homeworld": "https://swapi.co/api/planets/1/",
              "id": 1,
              "mass": "77",
              "name": "Luke Skywalker",
              "skin_color": "fair",
              "species": Array [
                "https://swapi.co/api/species/1/",
              ],
              "starships": Array [
                "https://swapi.co/api/starships/12/",
                "https://swapi.co/api/starships/22/",
              ],
              "status": false,
              "url": "https://swapi.co/api/people/1/",
              "vehicles": Array [
                "https://swapi.co/api/vehicles/14/",
                "https://swapi.co/api/vehicles/30/",
              ],
            },
            "ref": null,
            "rendered": null,
            "type": [Function],
          },
          Object {
            "instance": null,
            "key": "C-3PO",
            "nodeType": "class",
            "props": Object {
              "addFavorites": undefined,
              "birth_year": "112BBY",
              "category": "people",
              "created": "2014-12-10T15:10:51.357000Z",
              "edited": "2014-12-20T21:17:50.309000Z",
              "eye_color": "yellow",
              "favorites": Array [
                "darth vader",
              ],
              "films": Array [
                "https://swapi.co/api/films/2/",
                "https://swapi.co/api/films/5/",
                "https://swapi.co/api/films/4/",
                "https://swapi.co/api/films/6/",
                "https://swapi.co/api/films/3/",
                "https://swapi.co/api/films/1/",
              ],
              "gender": "n/a",
              "hair_color": "n/a",
              "height": "167",
              "homeworld": "https://swapi.co/api/planets/1/",
              "id": 2,
              "mass": "75",
              "name": "C-3PO",
              "skin_color": "gold",
              "species": Array [
                "https://swapi.co/api/species/2/",
              ],
              "starships": Array [],
              "status": false,
              "url": "https://swapi.co/api/people/2/",
              "vehicles": Array [],
            },
            "ref": null,
            "rendered": null,
            "type": [Function],
          },
          Object {
            "instance": null,
            "key": "R2-D2",
            "nodeType": "class",
            "props": Object {
              "addFavorites": undefined,
              "birth_year": "33BBY",
              "category": "people",
              "created": "2014-12-10T15:11:50.376000Z",
              "edited": "2014-12-20T21:17:50.311000Z",
              "eye_color": "red",
              "favorites": Array [
                "darth vader",
              ],
              "films": Array [
                "https://swapi.co/api/films/2/",
                "https://swapi.co/api/films/5/",
                "https://swapi.co/api/films/4/",
                "https://swapi.co/api/films/6/",
                "https://swapi.co/api/films/3/",
                "https://swapi.co/api/films/1/",
                "https://swapi.co/api/films/7/",
              ],
              "gender": "n/a",
              "hair_color": "n/a",
              "height": "96",
              "homeworld": "https://swapi.co/api/planets/8/",
              "id": 3,
              "mass": "32",
              "name": "R2-D2",
              "skin_color": "white, blue",
              "species": Array [
                "https://swapi.co/api/species/2/",
              ],
              "starships": Array [],
              "status": false,
              "url": "https://swapi.co/api/people/3/",
              "vehicles": Array [],
            },
            "ref": null,
            "rendered": null,
            "type": [Function],
          },
        ],
        "type": "div",
      },
    ],
    "type": "div",
  },
  Symbol(enzyme.__nodes__): Array [
    Object {
      "instance": null,
      "key": undefined,
      "nodeType": "host",
      "props": Object {
        "children": Array [
          <Header
            filterByType={[MockFunction]}
          />,
          <div
            className="card-area"
          >
            <Card
              birth_year="19BBY"
              category="people"
              created="2014-12-09T13:50:51.644000Z"
              edited="2014-12-20T21:17:56.891000Z"
              eye_color="blue"
              favorites={
                Array [
                  "darth vader",
                ]
              }
              films={
                Array [
                  "https://swapi.co/api/films/2/",
                  "https://swapi.co/api/films/6/",
                  "https://swapi.co/api/films/3/",
                  "https://swapi.co/api/films/1/",
                  "https://swapi.co/api/films/7/",
                ]
              }
              gender="male"
              hair_color="blond"
              height="172"
              homeworld="https://swapi.co/api/planets/1/"
              id={1}
              mass="77"
              name="Luke Skywalker"
              skin_color="fair"
              species={
                Array [
                  "https://swapi.co/api/species/1/",
                ]
              }
              starships={
                Array [
                  "https://swapi.co/api/starships/12/",
                  "https://swapi.co/api/starships/22/",
                ]
              }
              status={false}
              url="https://swapi.co/api/people/1/"
              vehicles={
                Array [
                  "https://swapi.co/api/vehicles/14/",
                  "https://swapi.co/api/vehicles/30/",
                ]
              }
            />
            <Card
              birth_year="112BBY"
              category="people"
              created="2014-12-10T15:10:51.357000Z"
              edited="2014-12-20T21:17:50.309000Z"
              eye_color="yellow"
              favorites={
                Array [
                  "darth vader",
                ]
              }
              films={
                Array [
                  "https://swapi.co/api/films/2/",
                  "https://swapi.co/api/films/5/",
                  "https://swapi.co/api/films/4/",
                  "https://swapi.co/api/films/6/",
                  "https://swapi.co/api/films/3/",
                  "https://swapi.co/api/films/1/",
                ]
              }
              gender="n/a"
              hair_color="n/a"
              height="167"
              homeworld="https://swapi.co/api/planets/1/"
              id={2}
              mass="75"
              name="C-3PO"
              skin_color="gold"
              species={
                Array [
                  "https://swapi.co/api/species/2/",
                ]
              }
              starships={Array []}
              status={false}
              url="https://swapi.co/api/people/2/"
              vehicles={Array []}
            />
            <Card
              birth_year="33BBY"
              category="people"
              created="2014-12-10T15:11:50.376000Z"
              edited="2014-12-20T21:17:50.311000Z"
              eye_color="red"
              favorites={
                Array [
                  "darth vader",
                ]
              }
              films={
                Array [
                  "https://swapi.co/api/films/2/",
                  "https://swapi.co/api/films/5/",
                  "https://swapi.co/api/films/4/",
                  "https://swapi.co/api/films/6/",
                  "https://swapi.co/api/films/3/",
                  "https://swapi.co/api/films/1/",
                  "https://swapi.co/api/films/7/",
                ]
              }
              gender="n/a"
              hair_color="n/a"
              height="96"
              homeworld="https://swapi.co/api/planets/8/"
              id={3}
              mass="32"
              name="R2-D2"
              skin_color="white, blue"
              species={
                Array [
                  "https://swapi.co/api/species/2/",
                ]
              }
              starships={Array []}
              status={false}
              url="https://swapi.co/api/people/3/"
              vehicles={Array []}
            />
          </div>,
        ],
      },
      "ref": null,
      "rendered": Array [
        Object {
          "instance": null,
          "key": undefined,
          "nodeType": "function",
          "props": Object {
            "filterByType": [MockFunction],
          },
          "ref": null,
          "rendered": null,
          "type": [Function],
        },
        Object {
          "instance": null,
          "key": undefined,
          "nodeType": "host",
          "props": Object {
            "children": Array [
              <Card
                birth_year="19BBY"
                category="people"
                created="2014-12-09T13:50:51.644000Z"
                edited="2014-12-20T21:17:56.891000Z"
                eye_color="blue"
                favorites={
                  Array [
                    "darth vader",
                  ]
                }
                films={
                  Array [
                    "https://swapi.co/api/films/2/",
                    "https://swapi.co/api/films/6/",
                    "https://swapi.co/api/films/3/",
                    "https://swapi.co/api/films/1/",
                    "https://swapi.co/api/films/7/",
                  ]
                }
                gender="male"
                hair_color="blond"
                height="172"
                homeworld="https://swapi.co/api/planets/1/"
                id={1}
                mass="77"
                name="Luke Skywalker"
                skin_color="fair"
                species={
                  Array [
                    "https://swapi.co/api/species/1/",
                  ]
                }
                starships={
                  Array [
                    "https://swapi.co/api/starships/12/",
                    "https://swapi.co/api/starships/22/",
                  ]
                }
                status={false}
                url="https://swapi.co/api/people/1/"
                vehicles={
                  Array [
                    "https://swapi.co/api/vehicles/14/",
                    "https://swapi.co/api/vehicles/30/",
                  ]
                }
              />,
              <Card
                birth_year="112BBY"
                category="people"
                created="2014-12-10T15:10:51.357000Z"
                edited="2014-12-20T21:17:50.309000Z"
                eye_color="yellow"
                favorites={
                  Array [
                    "darth vader",
                  ]
                }
                films={
                  Array [
                    "https://swapi.co/api/films/2/",
                    "https://swapi.co/api/films/5/",
                    "https://swapi.co/api/films/4/",
                    "https://swapi.co/api/films/6/",
                    "https://swapi.co/api/films/3/",
                    "https://swapi.co/api/films/1/",
                  ]
                }
                gender="n/a"
                hair_color="n/a"
                height="167"
                homeworld="https://swapi.co/api/planets/1/"
                id={2}
                mass="75"
                name="C-3PO"
                skin_color="gold"
                species={
                  Array [
                    "https://swapi.co/api/species/2/",
                  ]
                }
                starships={Array []}
                status={false}
                url="https://swapi.co/api/people/2/"
                vehicles={Array []}
              />,
              <Card
                birth_year="33BBY"
                category="people"
                created="2014-12-10T15:11:50.376000Z"
                edited="2014-12-20T21:17:50.311000Z"
                eye_color="red"
                favorites={
                  Array [
                    "darth vader",
                  ]
                }
                films={
                  Array [
                    "https://swapi.co/api/films/2/",
                    "https://swapi.co/api/films/5/",
                    "https://swapi.co/api/films/4/",
                    "https://swapi.co/api/films/6/",
                    "https://swapi.co/api/films/3/",
                    "https://swapi.co/api/films/1/",
                    "https://swapi.co/api/films/7/",
                  ]
                }
                gender="n/a"
                hair_color="n/a"
                height="96"
                homeworld="https://swapi.co/api/planets/8/"
                id={3}
                mass="32"
                name="R2-D2"
                skin_color="white, blue"
                species={
                  Array [
                    "https://swapi.co/api/species/2/",
                  ]
                }
                starships={Array []}
                status={false}
                url="https://swapi.co/api/people/3/"
                vehicles={Array []}
              />,
            ],
            "className": "card-area",
          },
          "ref": null,
          "rendered": Array [
            Object {
              "instance": null,
              "key": "Luke Skywalker",
              "nodeType": "class",
              "props": Object {
                "addFavorites": undefined,
                "birth_year": "19BBY",
                "category": "people",
                "created": "2014-12-09T13:50:51.644000Z",
                "edited": "2014-12-20T21:17:56.891000Z",
                "eye_color": "blue",
                "favorites": Array [
                  "darth vader",
                ],
                "films": Array [
                  "https://swapi.co/api/films/2/",
                  "https://swapi.co/api/films/6/",
                  "https://swapi.co/api/films/3/",
                  "https://swapi.co/api/films/1/",
                  "https://swapi.co/api/films/7/",
                ],
                "gender": "male",
                "hair_color": "blond",
                "height": "172",
                "homeworld": "https://swapi.co/api/planets/1/",
                "id": 1,
                "mass": "77",
                "name": "Luke Skywalker",
                "skin_color": "fair",
                "species": Array [
                  "https://swapi.co/api/species/1/",
                ],
                "starships": Array [
                  "https://swapi.co/api/starships/12/",
                  "https://swapi.co/api/starships/22/",
                ],
                "status": false,
                "url": "https://swapi.co/api/people/1/",
                "vehicles": Array [
                  "https://swapi.co/api/vehicles/14/",
                  "https://swapi.co/api/vehicles/30/",
                ],
              },
              "ref": null,
              "rendered": null,
              "type": [Function],
            },
            Object {
              "instance": null,
              "key": "C-3PO",
              "nodeType": "class",
              "props": Object {
                "addFavorites": undefined,
                "birth_year": "112BBY",
                "category": "people",
                "created": "2014-12-10T15:10:51.357000Z",
                "edited": "2014-12-20T21:17:50.309000Z",
                "eye_color": "yellow",
                "favorites": Array [
                  "darth vader",
                ],
                "films": Array [
                  "https://swapi.co/api/films/2/",
                  "https://swapi.co/api/films/5/",
                  "https://swapi.co/api/films/4/",
                  "https://swapi.co/api/films/6/",
                  "https://swapi.co/api/films/3/",
                  "https://swapi.co/api/films/1/",
                ],
                "gender": "n/a",
                "hair_color": "n/a",
                "height": "167",
                "homeworld": "https://swapi.co/api/planets/1/",
                "id": 2,
                "mass": "75",
                "name": "C-3PO",
                "skin_color": "gold",
                "species": Array [
                  "https://swapi.co/api/species/2/",
                ],
                "starships": Array [],
                "status": false,
                "url": "https://swapi.co/api/people/2/",
                "vehicles": Array [],
              },
              "ref": null,
              "rendered": null,
              "type": [Function],
            },
            Object {
              "instance": null,
              "key": "R2-D2",
              "nodeType": "class",
              "props": Object {
                "addFavorites": undefined,
                "birth_year": "33BBY",
                "category": "people",
                "created": "2014-12-10T15:11:50.376000Z",
                "edited": "2014-12-20T21:17:50.311000Z",
                "eye_color": "red",
                "favorites": Array [
                  "darth vader",
                ],
                "films": Array [
                  "https://swapi.co/api/films/2/",
                  "https://swapi.co/api/films/5/",
                  "https://swapi.co/api/films/4/",
                  "https://swapi.co/api/films/6/",
                  "https://swapi.co/api/films/3/",
                  "https://swapi.co/api/films/1/",
                  "https://swapi.co/api/films/7/",
                ],
                "gender": "n/a",
                "hair_color": "n/a",
                "height": "96",
                "homeworld": "https://swapi.co/api/planets/8/",
                "id": 3,
                "mass": "32",
                "name": "R2-D2",
                "skin_color": "white, blue",
                "species": Array [
                  "https://swapi.co/api/species/2/",
                ],
                "starships": Array [],
                "status": false,
                "url": "https://swapi.co/api/people/3/",
                "vehicles": Array [],
              },
              "ref": null,
              "rendered": null,
              "type": [Function],
            },
          ],
          "type": "div",
        },
      ],
      "type": "div",
    },
  ],
  Symbol(enzyme.__options__): Object {
    "adapter": ReactSixteenAdapter {
      "options": Object {
        "enableComponentDidUpdateOnSetState": true,
        "legacyContextMode": "parent",
        "lifecycles": Object {
          "componentDidUpdate": Object {
            "onSetState": true,
          },
          "getChildContext": Object {
            "calledByRenderer": false,
          },
          "getDerivedStateFromError": true,
          "getDerivedStateFromProps": Object {
            "hasShouldComponentUpdateBug": false,
          },
          "getSnapshotBeforeUpdate": true,
          "setState": Object {
            "skipsComponentDidUpdateOnNullish": true,
          },
        },
      },
    },
  },
}
`;
